// Jest Snapshot v1, https://goo.gl/fbAQLP

exports[`Tests client components renders app correctly 1`] = `
<div>
  <header
    className=""
    data-react-toolbox="app-bar"
  >
    <div
      className={undefined}
    >
      <button
        className="undefined"
        data-react-toolbox="button"
        disabled={false}
        href={undefined}
        onClick={[Function]}
        onMouseDown={[Function]}
        onMouseLeave={[Function]}
        onMouseUp={[Function]}
        onTouchStart={[Function]}
        type="button"
      >
        <span
          aria-label=""
          className="material-icons"
          data-react-toolbox="font-icon"
        >
          menu
        </span>
      </button>
      <h1
        className=""
      >
        
      </h1>
      <nav
        className=""
        data-react-toolbox="navigation"
      >
        <a
          className=""
          data-react-toolbox="link"
          href="#"
        >
          <span
            aria-label=""
            className="material-icons"
            data-react-toolbox="font-icon"
          >
            Curriculum Vitae
          </span>
        </a>
        <a
          className="undefined"
          data-react-toolbox="link"
          href="https://www.github.com/gedion"
          target="_blank"
        >
          <span
            aria-label=""
            className="material-icons"
            data-react-toolbox="font-icon"
          >
            GitHub
          </span>
        </a>
      </nav>
    </div>
  </header>
  <div />
  <br />
  <div
    className="container-fluid"
  >
    <div
      className="row"
    >
      <div
        className=""
      >
        <div
          className="undefined"
          data-react-toolbox="card"
          style={
            Object {
              "width": "400px",
            }
          }
        >
          <div
            className=""
          >
            <div
              className=""
              data-react-toolbox="avatar"
            >
              <img
                alt=""
                className={undefined}
                src="https://placeimg.com/80/80/animals"
                title={undefined}
              />
            </div>
            <div>
              <h5
                className={undefined}
              >
                PG1: A
              </h5>
              <p
                className={undefined}
              >
                Programming Blogs
              </p>
            </div>
          </div>
          <div
            className=""
          >
            <button
              className=""
              data-react-toolbox="button"
              disabled={false}
              href={undefined}
              onMouseDown={[Function]}
              onMouseLeave={[Function]}
              onMouseUp={[Function]}
              onTouchStart={[Function]}
              type="button"
            >
              Action 1
            </button>
          </div>
        </div>
      </div>
      <div
        className=""
      >
        <div
          className="undefined"
          data-react-toolbox="card"
          style={
            Object {
              "width": "400px",
            }
          }
        >
          <div
            className=""
          >
            <div
              className=""
              data-react-toolbox="avatar"
            >
              <img
                alt=""
                className={undefined}
                src="https://placeimg.com/80/80/animals"
                title={undefined}
              />
            </div>
            <div>
              <h5
                className={undefined}
              >
                PG1: B
              </h5>
              <p
                className={undefined}
              >
                Programming Blogs
              </p>
            </div>
          </div>
          <div
            className=""
          >
            <button
              className=""
              data-react-toolbox="button"
              disabled={false}
              href={undefined}
              onMouseDown={[Function]}
              onMouseLeave={[Function]}
              onMouseUp={[Function]}
              onTouchStart={[Function]}
              type="button"
            >
              Action 1
            </button>
          </div>
        </div>
      </div>
      <div
        className=""
      >
        <div
          className="undefined"
          data-react-toolbox="card"
          style={
            Object {
              "width": "400px",
            }
          }
        >
          <div
            className=""
          >
            <div
              className=""
              data-react-toolbox="avatar"
            >
              <img
                alt=""
                className={undefined}
                src="https://placeimg.com/80/80/animals"
                title={undefined}
              />
            </div>
            <div>
              <h5
                className={undefined}
              >
                PG1: C
              </h5>
              <p
                className={undefined}
              >
                Programming Blogs
              </p>
            </div>
          </div>
          <div
            className=""
          >
            <button
              className=""
              data-react-toolbox="button"
              disabled={false}
              href={undefined}
              onMouseDown={[Function]}
              onMouseLeave={[Function]}
              onMouseUp={[Function]}
              onTouchStart={[Function]}
              type="button"
            >
              Action 1
            </button>
          </div>
        </div>
      </div>
    </div>
  </div>
</div>
`;
