// Jest Snapshot v1, https://goo.gl/fbAQLP

exports[`Tests client components renders app correctly 1`] = `
<div>
  <div
    className="App-root-1"
    onClick={[Function]}
  >
    <header
      className="MuiPaper-root-11 MuiPaper-elevation4-17 MuiAppBar-root-3 MuiAppBar-positionStatic-7 MuiAppBar-colorPrimary-9"
    >
      <div
        className="MuiToolbar-root-38 MuiToolbar-dense-41 MuiToolbar-gutters-39"
      >
        <button
          aria-label="Menu"
          className="MuiButtonBase-root-48 MuiIconButton-root-42 MuiIconButton-colorInherit-43 App-menuButton-2"
          disabled={false}
          onBlur={[Function]}
          onFocus={[Function]}
          onKeyDown={[Function]}
          onKeyUp={[Function]}
          onMouseDown={[Function]}
          onMouseLeave={[Function]}
          onMouseUp={[Function]}
          onTouchEnd={[Function]}
          onTouchMove={[Function]}
          onTouchStart={[Function]}
          tabIndex="0"
          type="button"
        >
          <span
            className="MuiIconButton-label-47"
          >
            <svg
              aria-hidden="true"
              className="MuiSvgIcon-root-51"
              color={undefined}
              focusable="false"
              viewBox="0 0 24 24"
            >
              <path
                d="M0 0h24v24H0z"
                fill="none"
              />
              <path
                d="M3 18h18v-2H3v2zm0-5h18v-2H3v2zm0-7v2h18V6H3z"
              />
            </svg>
          </span>
          <span
            className="MuiTouchRipple-root-58"
          />
        </button>
        <h2
          className="MuiTypography-root-65 MuiTypography-title-71 MuiTypography-colorInherit-84"
        >
          Programmer
        </h2>
      </div>
    </header>
  </div>
  <div />
  <br />
  <div
    className="MuiGrid-container-89 MuiGrid-spacing-xs-16-112 App-root-1"
  >
    <div
      className="MuiGrid-item-90 MuiGrid-grid-xs-12-129"
    >
      <div
        className="MuiGrid-container-89 MuiGrid-spacing-xs-16-112 MuiGrid-justify-xs-center-106"
      >
        <div
          className="MuiGrid-item-90"
        >
          <div>
            <div
              className="MuiPaper-root-11 MuiPaper-elevation1-14 MuiPaper-rounded-12 MuiCard-root-190 CodeCard-card-186"
            >
              <div
                className="MuiCardContent-root-191"
              >
                <p
                  className="MuiTypography-root-65 MuiTypography-body1-74 MuiTypography-colorTextSecondary-87 CodeCard-title-188"
                >
                  PG1: A
                </p>
                <h2
                  className="MuiTypography-root-65 MuiTypography-headline-70"
                >
                  be
                  <span
                    className="CodeCard-bullet-187"
                  >
                    •
                  </span>
                  nev
                  <span
                    className="CodeCard-bullet-187"
                  >
                    •
                  </span>
                  o
                  <span
                    className="CodeCard-bullet-187"
                  >
                    •
                  </span>
                  lent
                </h2>
                <p
                  className="MuiTypography-root-65 MuiTypography-body1-74 MuiTypography-colorTextSecondary-87 CodeCard-pos-189"
                >
                  Programming Blogs
                </p>
              </div>
              <div
                className="MuiCardActions-root-192"
              >
                <button
                  className="MuiButtonBase-root-48 MuiButton-root-194 MuiButton-text-196 MuiButton-flat-199 MuiButton-sizeSmall-215 MuiCardActions-action-193"
                  disabled={false}
                  onBlur={[Function]}
                  onFocus={[Function]}
                  onKeyDown={[Function]}
                  onKeyUp={[Function]}
                  onMouseDown={[Function]}
                  onMouseLeave={[Function]}
                  onMouseUp={[Function]}
                  onTouchEnd={[Function]}
                  onTouchMove={[Function]}
                  onTouchStart={[Function]}
                  tabIndex="0"
                  type="button"
                >
                  <span
                    className="MuiButton-label-195"
                  >
                    Learn More
                  </span>
                  <span
                    className="MuiTouchRipple-root-58"
                  />
                </button>
              </div>
            </div>
          </div>
        </div>
        <div
          className="MuiGrid-item-90"
        >
          <div>
            <div
              className="MuiPaper-root-11 MuiPaper-elevation1-14 MuiPaper-rounded-12 MuiCard-root-190 CodeCard-card-186"
            >
              <div
                className="MuiCardContent-root-191"
              >
                <p
                  className="MuiTypography-root-65 MuiTypography-body1-74 MuiTypography-colorTextSecondary-87 CodeCard-title-188"
                >
                  PG1: B
                </p>
                <h2
                  className="MuiTypography-root-65 MuiTypography-headline-70"
                >
                  be
                  <span
                    className="CodeCard-bullet-187"
                  >
                    •
                  </span>
                  nev
                  <span
                    className="CodeCard-bullet-187"
                  >
                    •
                  </span>
                  o
                  <span
                    className="CodeCard-bullet-187"
                  >
                    •
                  </span>
                  lent
                </h2>
                <p
                  className="MuiTypography-root-65 MuiTypography-body1-74 MuiTypography-colorTextSecondary-87 CodeCard-pos-189"
                >
                  Programming Blogs
                </p>
              </div>
              <div
                className="MuiCardActions-root-192"
              >
                <button
                  className="MuiButtonBase-root-48 MuiButton-root-194 MuiButton-text-196 MuiButton-flat-199 MuiButton-sizeSmall-215 MuiCardActions-action-193"
                  disabled={false}
                  onBlur={[Function]}
                  onFocus={[Function]}
                  onKeyDown={[Function]}
                  onKeyUp={[Function]}
                  onMouseDown={[Function]}
                  onMouseLeave={[Function]}
                  onMouseUp={[Function]}
                  onTouchEnd={[Function]}
                  onTouchMove={[Function]}
                  onTouchStart={[Function]}
                  tabIndex="0"
                  type="button"
                >
                  <span
                    className="MuiButton-label-195"
                  >
                    Learn More
                  </span>
                  <span
                    className="MuiTouchRipple-root-58"
                  />
                </button>
              </div>
            </div>
          </div>
        </div>
        <div
          className="MuiGrid-item-90"
        >
          <div>
            <div
              className="MuiPaper-root-11 MuiPaper-elevation1-14 MuiPaper-rounded-12 MuiCard-root-190 CodeCard-card-186"
            >
              <div
                className="MuiCardContent-root-191"
              >
                <p
                  className="MuiTypography-root-65 MuiTypography-body1-74 MuiTypography-colorTextSecondary-87 CodeCard-title-188"
                >
                  PG1: C
                </p>
                <h2
                  className="MuiTypography-root-65 MuiTypography-headline-70"
                >
                  be
                  <span
                    className="CodeCard-bullet-187"
                  >
                    •
                  </span>
                  nev
                  <span
                    className="CodeCard-bullet-187"
                  >
                    •
                  </span>
                  o
                  <span
                    className="CodeCard-bullet-187"
                  >
                    •
                  </span>
                  lent
                </h2>
                <p
                  className="MuiTypography-root-65 MuiTypography-body1-74 MuiTypography-colorTextSecondary-87 CodeCard-pos-189"
                >
                  Programming Blogs
                </p>
              </div>
              <div
                className="MuiCardActions-root-192"
              >
                <button
                  className="MuiButtonBase-root-48 MuiButton-root-194 MuiButton-text-196 MuiButton-flat-199 MuiButton-sizeSmall-215 MuiCardActions-action-193"
                  disabled={false}
                  onBlur={[Function]}
                  onFocus={[Function]}
                  onKeyDown={[Function]}
                  onKeyUp={[Function]}
                  onMouseDown={[Function]}
                  onMouseLeave={[Function]}
                  onMouseUp={[Function]}
                  onTouchEnd={[Function]}
                  onTouchMove={[Function]}
                  onTouchStart={[Function]}
                  tabIndex="0"
                  type="button"
                >
                  <span
                    className="MuiButton-label-195"
                  >
                    Learn More
                  </span>
                  <span
                    className="MuiTouchRipple-root-58"
                  />
                </button>
              </div>
            </div>
          </div>
        </div>
      </div>
    </div>
  </div>
</div>
`;
